66.249.64.206 - - [12/Oct/2018:00:05:20 +0800] "GET /clu/yl3k/ HTTP/1.1" 200 14309 "-" "Mozilla/5.0 (compatible; Googlebot/2.1; +http://www.google.com/bot.html)"
66.249.64.204 - - [12/Oct/2018:00:11:58 +0800] "GET /clu/h5Yn/ HTTP/1.1" 200 14164 "-" "Mozilla/5.0 (compatible; Googlebot/2.1; +http://www.google.com/bot.html)"
66.249.64.206 - - [12/Oct/2018:00:18:36 +0800] "GET /clu/AbCd/ HTTP/1.1" 200 14715 "-" "Mozilla/5.0 (compatible; Googlebot/2.1; +http://www.google.com/bot.html)"
66.249.64.206 - - [12/Oct/2018:00:19:28 +0800] "GET /clu/1QJ7/ HTTP/1.1" 200 14554 "-" "Mozilla/5.0 (compatible; Googlebot/2.1; +http://www.google.com/bot.html)"
66.249.64.208 - - [12/Oct/2018:00:25:14 +0800] "GET /clu/7ubz/ HTTP/1.1" 200 14644 "-" "Mozilla/5.0 (compatible; Googlebot/2.1; +http://www.google.com/bot.html)"
66.249.64.204 - - [12/Oct/2018:00:31:52 +0800] "GET /clu/3LOc/ HTTP/1.1" 200 14885 "-" "Mozilla/5.0 (compatible; Googlebot/2.1; +http://www.google.com/bot.html)"
66.249.64.208 - - [12/Oct/2018:00:38:30 +0800] "GET /clu/A9fv/ HTTP/1.1" 200 14229 "-" "Mozilla/5.0 (compatible; Googlebot/2.1; +http://www.google.com/bot.html)"
66.249.64.208 - - [12/Oct/2018:00:45:08 +0800] "GET /clu/gACM/ HTTP/1.1" 200 14498 "-" "Mozilla/5.0 (compatible; Googlebot/2.1; +http://www.google.com/bot.html)"
66.249.64.208 - - [12/Oct/2018:00:51:46 +0800] "GET /clu/349d/ HTTP/1.1" 200 14432 "-" "Mozilla/5.0 (compatible; Googlebot/2.1; +http://www.google.com/bot.html)"
220.181.108.142 - - [12/Oct/2018:00:54:18 +0800] "GET / HTTP/1.1" 200 2608 "-" "Mozilla/5.0 (compatible; Baiduspider/2.0; +http://www.baidu.com/search/spider.html)"
45.118.250.174 - - [12/Oct/2018:00:56:17 +0800] "GET /cluggtr/20180927f0it.html HTTP/1.0" 200 31396 "-" "Mozilla/5.0 (compatible; Baiduspider/2.0; +http://www.baidu.com/search/spider.html)"
111.206.198.53 - - [12/Oct/2018:00:56:18 +0800] "GET /George/YOKA/js/js.min.js HTTP/1.1" 200 18698 "http://www.dianmi.net/clu/ggtr/20180927f0it.html" "Mozilla/5.0 (compatible; Baiduspider-render/2.0; +http://www.baidu.com/search/spider.html)"
111.206.198.96 - - [12/Oct/2018:00:56:18 +0800] "GET /George/YOKA/js/tools.min.js HTTP/1.1" 200 22412 "http://www.dianmi.net/clu/ggtr/20180927f0it.html" "Mozilla/5.0 (compatible; Baiduspider-render/2.0; +http://www.baidu.com/search/spider.html)"
111.206.198.50 - - [12/Oct/2018:00:56:19 +0800] "GET /George/YOKA/images/weibo.png HTTP/1.1" 200 3834 "http://www.dianmi.net/clu/ggtr/20180927f0it.html" "Mozilla/5.0 (compatible; Baiduspider-render/2.0; +http://www.baidu.com/search/spider.html)"
111.206.221.98 - - [12/Oct/2018:00:56:19 +0800] "GET /George/YOKA/images/WeiXin.jpg HTTP/1.1" 200 147052 "http://www.dianmi.net/clu/ggtr/20180927f0it.html" "Mozilla/5.0 (compatible; Baiduspider-render/2.0; +http://www.baidu.com/search/spider.html)"
111.206.221.109 - - [12/Oct/2018:00:56:19 +0800] "GET /George/img/2529413_c7f15049c3783640e5abd47f97a72f9d_1499327548.jpg HTTP/1.1" 200 150964 "http://www.dianmi.net/clu/ggtr/20180927f0it.html" "Mozilla/5.0 (compatible; Baiduspider-render/2.0; +http://www.baidu.com/search/spider.html)"
111.206.221.5 - - [12/Oct/2018:00:56:19 +0800] "GET /George/img/2665543_55ba88fa7b9ec83e7d1eae95aa8ff324_1516955195.jpg HTTP/1.1" 200 198357 "http://www.dianmi.net/clu/ggtr/20180927f0it.html" "Mozilla/5.0 (compatible; Baiduspider-render/2.0; +http://www.baidu.com/search/spider.html)"
111.206.221.22 - - [12/Oct/2018:00:56:19 +0800] "GET /George/img/2665611_7eb768e0b0eb76626370f9193c8b08dc_1516957949.jpg HTTP/1.1" 200 159767 "http://www.dianmi.net/clu/ggtr/20180927f0it.html" "Mozilla/5.0 (compatible; Baiduspider-render/2.0; +http://www.baidu.com/search/spider.html)"
111.206.221.111 - - [12/Oct/2018:00:56:19 +0800] "GET /George/YOKA/images/logo_s.png HTTP/1.1" 200 4774 "http://runzz.cn/George/YOKA/css/text.css" "Mozilla/5.0 (compatible; Baiduspider-render/2.0; +http://www.baidu.com/search/spider.html)"
111.206.198.78 - - [12/Oct/2018:00:56:20 +0800] "GET /George/YOKA/images/double_quotes_l.png HTTP/1.1" 200 3086 "http://runzz.cn/George/YOKA/css/text.css" "Mozilla/5.0 (compatible; Baiduspider-render/2.0; +http://www.baidu.com/search/spider.html)"
111.206.221.8 - - [12/Oct/2018:00:56:20 +0800] "GET /George/YOKA/images/share_all.png HTTP/1.1" 200 3312 "http://runzz.cn/George/YOKA/css/text.css" "Mozilla/5.0 (compatible; Baiduspider-render/2.0; +http://www.baidu.com/search/spider.html)"
111.206.198.122 - - [12/Oct/2018:00:56:20 +0800] "GET /George/YOKA/images/today.png HTTP/1.1" 200 1105 "http://runzz.cn/George/YOKA/css/text.css" "Mozilla/5.0 (compatible; Baiduspider-render/2.0; +http://www.baidu.com/search/spider.html)"
111.206.221.101 - - [12/Oct/2018:00:56:20 +0800] "GET /George/YOKA/images/FuMei.png HTTP/1.1" 200 22081 "http://www.dianmi.net/clu/ggtr/20180927f0it.html" "Mozilla/5.0 (compatible; Baiduspider-render/2.0; +http://www.baidu.com/search/spider.html)"
111.206.198.21 - - [12/Oct/2018:00:56:20 +0800] "GET /George/YOKA/images/FuJun.png HTTP/1.1" 200 35463 "http://www.dianmi.net/clu/ggtr/20180927f0it.html" "Mozilla/5.0 (compatible; Baiduspider-render/2.0; +http://www.baidu.com/search/spider.html)"
111.206.221.80 - - [12/Oct/2018:00:56:21 +0800] "GET /George/img/2665545_f4f3f985a28e2dec947c9acd1c1bc9a2_1516955201.jpg HTTP/1.1" 200 298741 "http://www.dianmi.net/clu/ggtr/20180927f0it.html" "Mozilla/5.0 (compatible; Baiduspider-render/2.0; +http://www.baidu.com/search/spider.html)"
111.206.221.89 - - [12/Oct/2018:00:56:21 +0800] "GET /George/YOKA/images/hot.png HTTP/1.1" 200 20933 "http://www.dianmi.net/clu/ggtr/20180927f0it.html" "Mozilla/5.0 (compatible; Baiduspider-render/2.0; +http://www.baidu.com/search/spider.html)"
111.206.198.120 - - [12/Oct/2018:00:56:21 +0800] "GET /George/YOKA/images/public_bg.png HTTP/1.1" 200 5890 "http://runzz.cn/George/YOKA/css/text.css" "Mozilla/5.0 (compatible; Baiduspider-render/2.0; +http://www.baidu.com/search/spider.html)"
111.206.198.72 - - [12/Oct/2018:00:56:21 +0800] "GET /George/YOKA/images/ft_wx.png HTTP/1.1" 200 4483 "http://runzz.cn/George/YOKA/css/public.css" "Mozilla/5.0 (compatible; Baiduspider-render/2.0; +http://www.baidu.com/search/spider.html)"
111.206.198.11 - - [12/Oct/2018:00:56:21 +0800] "GET /George/YOKA/images/footer_logo.png HTTP/1.1" 200 5553 "http://www.dianmi.net/clu/ggtr/20180927f0it.html" "Mozilla/5.0 (compatible; Baiduspider-render/2.0; +http://www.baidu.com/search/spider.html)"
111.206.198.120 - - [12/Oct/2018:00:56:22 +0800] "GET /George/YOKA/images/ft_sina.png HTTP/1.1" 200 4666 "http://runzz.cn/George/YOKA/css/public.css" "Mozilla/5.0 (compatible; Baiduspider-render/2.0; +http://www.baidu.com/search/spider.html)"
111.206.198.53 - - [12/Oct/2018:00:56:22 +0800] "GET /George/YOKA/images/hollow_round.png HTTP/1.1" 200 1158 "http://runzz.cn/George/YOKA/css/text.css" "Mozilla/5.0 (compatible; Baiduspider-render/2.0; +http://www.baidu.com/search/spider.html)"
111.206.221.90 - - [12/Oct/2018:00:56:22 +0800] "GET /George/YOKA/images/arrow_r.png HTTP/1.1" 200 1048 "http://runzz.cn/George/YOKA/css/public.css" "Mozilla/5.0 (compatible; Baiduspider-render/2.0; +http://www.baidu.com/search/spider.html)"
111.206.198.10 - - [12/Oct/2018:00:56:22 +0800] "GET /George/YOKA/images/footer_b.jpg HTTP/1.1" 200 6576 "http://runzz.cn/George/YOKA/css/public.css" "Mozilla/5.0 (compatible; Baiduspider-render/2.0; +http://www.baidu.com/search/spider.html)"
111.206.198.54 - - [12/Oct/2018:00:56:22 +0800] "GET /George/YOKA/images/ft_app.png HTTP/1.1" 200 3456 "http://runzz.cn/George/YOKA/css/public.css" "Mozilla/5.0 (compatible; Baiduspider-render/2.0; +http://www.baidu.com/search/spider.html)"
66.249.64.204 - - [12/Oct/2018:00:58:24 +0800] "GET /clu/46Ee/ HTTP/1.1" 200 14765 "-" "Mozilla/5.0 (compatible; Googlebot/2.1; +http://www.google.com/bot.html)"
66.249.64.204 - - [12/Oct/2018:01:05:03 +0800] "GET /clu/fv4G/ HTTP/1.1" 200 14793 "-" "Mozilla/5.0 (compatible; Googlebot/2.1; +http://www.google.com/bot.html)"
66.249.64.208 - - [12/Oct/2018:01:11:40 +0800] "GET /clu/Oydo/ HTTP/1.1" 200 14759 "-" "Mozilla/5.0 (compatible; Googlebot/2.1; +http://www.google.com/bot.html)"
66.249.64.204 - - [12/Oct/2018:01:18:18 +0800] "GET /clu/LNEE/ HTTP/1.1" 200 14761 "-" "Mozilla/5.0 (compatible; Googlebot/2.1; +http://www.google.com/bot.html)"
45.118.250.174 - - [12/Oct/2018:01:19:06 +0800] "GET /clugg38/20180927xo89.html HTTP/1.0" 200 31743 "-" "Mozilla/5.0 (compatible; Baiduspider/2.0; +http://www.baidu.com/search/spider.html)"
111.206.221.68 - - [12/Oct/2018:01:19:16 +0800] "GET /George/img/2664738_3_c6a87f1100383917949111d0f5e59d27_1516879074.jpg HTTP/1.1" 200 190206 "http://www.dianmi.net/clu/gg38/20180927xo89.html" "Mozilla/5.0 (compatible; Baiduspider-render/2.0; +http://www.baidu.com/search/spider.html)"
111.206.198.16 - - [12/Oct/2018:01:19:16 +0800] "GET /George/img/2665773_192cd4b0b0d464a9be6a9b6822502fd7_1516977654.jpg HTTP/1.1" 200 200506 "http://www.dianmi.net/clu/gg38/20180927xo89.html" "Mozilla/5.0 (compatible; Baiduspider-render/2.0; +http://www.baidu.com/search/spider.html)"
111.206.221.89 - - [12/Oct/2018:01:19:17 +0800] "GET /George/img/2665149_25a41bb6e491e53b8c6d5a9c8c2c0221_1516931649.jpg HTTP/1.1" 200 185654 "http://www.dianmi.net/clu/gg38/20180927xo89.html" "Mozilla/5.0 (compatible; Baiduspider-render/2.0; +http://www.baidu.com/search/spider.html)"
66.249.64.206 - - [12/Oct/2018:01:24:56 +0800] "GET /clu/4D0L/ HTTP/1.1" 200 14766 "-" "Mozilla/5.0 (compatible; Googlebot/2.1; +http://www.google.com/bot.html)"
66.249.64.204 - - [12/Oct/2018:01:31:34 +0800] "GET /clu/5hfX/ HTTP/1.1" 200 14368 "-" "Mozilla/5.0 (compatible; Googlebot/2.1; +http://www.google.com/bot.html)"
66.249.64.204 - - [12/Oct/2018:01:38:12 +0800] "GET /clu/4q5c/ HTTP/1.1" 200 15254 "-" "Mozilla/5.0 (compatible; Googlebot/2.1; +http://www.google.com/bot.html)"
66.249.64.208 - - [12/Oct/2018:01:44:50 +0800] "GET /clu/WTcw/ HTTP/1.1" 200 14283 "-" "Mozilla/5.0 (compatible; Googlebot/2.1; +http://www.google.com/bot.html)"
45.118.250.174 - - [12/Oct/2018:01:45:26 +0800] "GET /clugg1f/20180927qgta.html HTTP/1.0" 200 30838 "-" "Mozilla/5.0 (compatible; Baiduspider/2.0; +http://www.baidu.com/search/spider.html)"
111.206.221.104 - - [12/Oct/2018:01:45:40 +0800] "GET /George/img/2665523_c38474e3c1e91eb388dabd457b8280e3_1516954416.jpg HTTP/1.1" 200 232457 "http://www.dianmi.net/clu/gg1f/20180927qgta.html" "Mozilla/5.0 (compatible; Baiduspider-render/2.0; +http://www.baidu.com/search/spider.html)"
111.206.221.68 - - [12/Oct/2018:01:45:40 +0800] "GET /George/img/2665276_456a2fb39a1a92067356fd3f00c65d07_1516939248.jpg HTTP/1.1" 200 177724 "http://www.dianmi.net/clu/gg1f/20180927qgta.html" "Mozilla/5.0 (compatible; Baiduspider-render/2.0; +http://www.baidu.com/search/spider.html)"
111.206.221.14 - - [12/Oct/2018:01:45:40 +0800] "GET /George/img/2665136_625117e0653a321e06da8d4d6f1327c3_1516931004.jpg HTTP/1.1" 200 188836 "http://www.dianmi.net/clu/gg1f/20180927qgta.html" "Mozilla/5.0 (compatible; Baiduspider-render/2.0; +http://www.baidu.com/search/spider.html)"
111.206.221.93 - - [12/Oct/2018:01:45:47 +0800] "GET /George/img/2665954_aa72b67e3fc9eea6e537d2f0f70d5043_1517024834.jpg HTTP/1.1" 200 622091 "http://www.dianmi.net/clu/gg1f/20180927qgta.html" "Mozilla/5.0 (compatible; Baiduspider-render/2.0; +http://www.baidu.com/search/spider.html)"
66.249.64.204 - - [12/Oct/2018:01:51:28 +0800] "GET /clu/w53X/ HTTP/1.1" 200 14533 "-" "Mozilla/5.0 (compatible; Googlebot/2.1; +http://www.google.com/bot.html)"
66.249.64.204 - - [12/Oct/2018:01:58:06 +0800] "GET /clu/U4X9/ HTTP/1.1" 200 14563 "-" "Mozilla/5.0 (compatible; Googlebot/2.1; +http://www.google.com/bot.html)"
66.249.64.206 - - [12/Oct/2018:02:04:44 +0800] "GET /clu/zQMV/ HTTP/1.1" 200 14403 "-" "Mozilla/5.0 (compatible; Googlebot/2.1; +http://www.google.com/bot.html)"
66.249.64.206 - - [12/Oct/2018:02:11:22 +0800] "GET /clu/Hx3d/ HTTP/1.1" 200 14505 "-" "Mozilla/5.0 (compatible; Googlebot/2.1; +http://www.google.com/bot.html)"
66.249.64.206 - - [12/Oct/2018:02:18:00 +0800] "GET /clu/ucky/ HTTP/1.1" 200 14236 "-" "Mozilla/5.0 (compatible; Googlebot/2.1; +http://www.google.com/bot.html)"
66.249.64.208 - - [12/Oct/2018:02:24:38 +0800] "GET /clu/l6w4/ HTTP/1.1" 200 14574 "-" "Mozilla/5.0 (compatible; Googlebot/2.1; +http://www.google.com/bot.html)"
45.118.250.174 - - [12/Oct/2018:02:27:08 +0800] "GET /clubb/zllfe HTTP/1.0" 200 62028 "-" "Mozilla/5.0 (Linux; Android 6.0; Nexus 5 Build/MRA58N) AppleWebKit/537.36 (KHTML, like Gecko) Chrome/65.0.3325.181 Mobile Safari/537.36"
66.249.64.204 - - [12/Oct/2018:02:31:16 +0800] "GET /clu/qibv/ HTTP/1.1" 200 14413 "-" "Mozilla/5.0 (compatible; Googlebot/2.1; +http://www.google.com/bot.html)"
45.118.250.174 - - [12/Oct/2018:02:37:18 +0800] "GET /clubb/48699 HTTP/1.0" 200 62127 "-" "Mozilla/5.0 (Linux; Android 6.0; Nexus 5 Build/MRA58N) AppleWebKit/537.36 (KHTML, like Gecko) Chrome/65.0.3325.181 Mobile Safari/537.36"
66.249.64.204 - - [12/Oct/2018:02:37:54 +0800] "GET /clu/r47i/ HTTP/1.1" 200 14314 "-" "Mozilla/5.0 (compatible; Googlebot/2.1; +http://www.google.com/bot.html)"
66.249.64.208 - - [12/Oct/2018:02:41:21 +0800] "GET /clu/725F/ HTTP/1.1" 200 14398 "-" "Mozilla/5.0 (compatible; Googlebot/2.1; +http://www.google.com/bot.html)"
45.118.250.174 - - [12/Oct/2018:02:44:21 +0800] "GET /clubb/poave HTTP/1.0" 200 61749 "-" "Mozilla/5.0 (Linux; Android 6.0; Nexus 5 Build/MRA58N) AppleWebKit/537.36 (KHTML, like Gecko) Chrome/65.0.3325.181 Mobile Safari/537.36"
66.249.64.206 - - [12/Oct/2018:02:44:32 +0800] "GET /clu/2Zl9/ HTTP/1.1" 200 14267 "-" "Mozilla/5.0 (compatible; Googlebot/2.1; +http://www.google.com/bot.html)"
45.118.250.174 - - [12/Oct/2018:02:46:53 +0800] "GET /clugggk/201809279ndv.html HTTP/1.0" 200 29481 "-" "Mozilla/5.0 (compatible; Baiduspider/2.0; +http://www.baidu.com/search/spider.html)"
111.206.221.10 - - [12/Oct/2018:02:46:55 +0800] "GET /George/img/2664723_c595307532897871cad184e1d3d0015a_1516877770.jpg HTTP/1.1" 200 362290 "http://www.dianmi.net/clu/gggk/201809279ndv.html" "Mozilla/5.0 (compatible; Baiduspider-render/2.0; +http://www.baidu.com/search/spider.html)"
111.206.221.78 - - [12/Oct/2018:02:46:58 +0800] "GET /George/img/2665756_a1023270c8374cb4962977db036aa6dc_1516973307.jpg HTTP/1.1" 200 346484 "http://www.dianmi.net/clu/gggk/201809279ndv.html" "Mozilla/5.0 (compatible; Baiduspider-render/2.0; +http://www.baidu.com/search/spider.html)"
45.118.250.174 - - [12/Oct/2018:02:47:32 +0800] "GET /clubb/vutqp HTTP/1.0" 200 62159 "-" "Mozilla/5.0 (Linux; Android 6.0; Nexus 5 Build/MRA58N) AppleWebKit/537.36 (KHTML, like Gecko) Chrome/65.0.3325.181 Mobile Safari/537.36"
66.249.64.206 - - [12/Oct/2018:02:51:10 +0800] "GET /clu/1sWX/ HTTP/1.1" 200 14191 "-" "Mozilla/5.0 (compatible; Googlebot/2.1; +http://www.google.com/bot.html)"
45.118.250.174 - - [12/Oct/2018:02:56:38 +0800] "GET /clubb/81woj HTTP/1.0" 200 62008 "-" "Mozilla/5.0 (Linux; Android 6.0; Nexus 5 Build/MRA58N) AppleWebKit/537.36 (KHTML, like Gecko) Chrome/65.0.3325.181 Mobile Safari/537.36"
45.118.250.174 - - [12/Oct/2018:02:57:40 +0800] "GET /cluggc2/20180927mv0u.html HTTP/1.0" 200 34801 "-" "Mozilla/5.0 (compatible; Baiduspider/2.0; +http://www.baidu.com/search/spider.html)"
66.249.64.204 - - [12/Oct/2018:02:57:48 +0800] "GET /clu/S6Kg/ HTTP/1.1" 200 14236 "-" "Mozilla/5.0 (compatible; Googlebot/2.1; +http://www.google.com/bot.html)"
111.206.221.105 - - [12/Oct/2018:02:57:50 +0800] "GET /George/img/2664733_fcc4f0bfc4d789c26968b0f6fd4573be_1516878729.jpg HTTP/1.1" 200 535526 "http://www.dianmi.net/clu/ggc2/20180927mv0u.html" "Mozilla/5.0 (compatible; Baiduspider-render/2.0; +http://www.baidu.com/search/spider.html)"
66.249.64.208 - - [12/Oct/2018:03:04:26 +0800] "GET /clu/HXD1/ HTTP/1.1" 200 14243 "-" "Mozilla/5.0 (compatible; Googlebot/2.1; +http://www.google.com/bot.html)"
66.249.64.206 - - [12/Oct/2018:03:11:04 +0800] "GET /clu/e8FC/ HTTP/1.1" 200 14278 "-" "Mozilla/5.0 (compatible; Googlebot/2.1; +http://www.google.com/bot.html)"
66.249.64.206 - - [12/Oct/2018:03:17:44 +0800] "GET /clu/6msH/ HTTP/1.1" 200 14239 "-" "Mozilla/5.0 (compatible; Googlebot/2.1; +http://www.google.com/bot.html)"
66.249.64.206 - - [12/Oct/2018:03:24:20 +0800] "GET /clu/2fpb/ HTTP/1.1" 200 14519 "-" "Mozilla/5.0 (compatible; Googlebot/2.1; +http://www.google.com/bot.html)"
66.249.64.206 - - [12/Oct/2018:03:30:58 +0800] "GET /clu/2yz3/ HTTP/1.1" 200 14265 "-" "Mozilla/5.0 (compatible; Googlebot/2.1; +http://www.google.com/bot.html)"
45.118.250.174 - - [12/Oct/2018:03:31:21 +0800] "GET /clugg8e/20180927uxj1.html HTTP/1.0" 200 31388 "-" "Mozilla/5.0 (compatible; Baiduspider/2.0; +http://www.baidu.com/search/spider.html)"
111.206.221.93 - - [12/Oct/2018:03:31:31 +0800] "GET /George/img/2665654_ec872e5bd62d4907fbcd8d8713abb0fe_1516964102.jpg HTTP/1.1" 200 149947 "http://www.dianmi.net/clu/gg8e/20180927uxj1.html" "Mozilla/5.0 (compatible; Baiduspider-render/2.0; +http://www.baidu.com/search/spider.html)"
45.118.250.174 - - [12/Oct/2018:03:35:22 +0800] "GET /cluggdo/20180927qwjo.html HTTP/1.0" 200 35476 "-" "Mozilla/5.0 (compatible; Baiduspider/2.0; +http://www.baidu.com/search/spider.html)"
66.249.64.208 - - [12/Oct/2018:03:37:36 +0800] "GET /clu/6Mw0/ HTTP/1.1" 200 14505 "-" "Mozilla/5.0 (compatible; Googlebot/2.1; +http://www.google.com/bot.html)"
66.249.64.208 - - [12/Oct/2018:03:44:14 +0800] "GET /clu/guVN/ HTTP/1.1" 200 14884 "-" "Mozilla/5.0 (compatible; Googlebot/2.1; +http://www.google.com/bot.html)"
66.249.64.206 - - [12/Oct/2018:03:50:52 +0800] "GET /clu/Cset/ HTTP/1.1" 200 14549 "-" "Mozilla/5.0 (compatible; Googlebot/2.1; +http://www.google.com/bot.html)"
45.118.250.174 - - [12/Oct/2018:03:53:04 +0800] "GET /clucss/ch_css_ch_2014.css HTTP/1.0" 404 162 "http://www.dianmi.net/clu201861636069/" "Mozilla/5.0 AppleWebKit/537.36 (KHTML, like Gecko; compatible; Googlebot/2.1; +http://www.google.com/bot.html) Safari/537.36"
45.118.250.174 - - [12/Oct/2018:03:53:05 +0800] "GET /clujs/jquery.js HTTP/1.0" 404 162 "http://www.dianmi.net/clu201861636069/" "Mozilla/5.0 AppleWebKit/537.36 (KHTML, like Gecko; compatible; Googlebot/2.1; +http://www.google.com/bot.html) Safari/537.36"
45.118.250.174 - - [12/Oct/2018:03:53:05 +0800] "GET /clujs/buttonLite.js HTTP/1.0" 404 162 "http://www.dianmi.net/clu201861636069/" "Mozilla/5.0 AppleWebKit/537.36 (KHTML, like Gecko; compatible; Googlebot/2.1; +http://www.google.com/bot.html) Safari/537.36"
45.118.250.174 - - [12/Oct/2018:03:53:06 +0800] "GET /clujs/fingerprint2.min.js HTTP/1.0" 404 162 "http://www.dianmi.net/clu201861636069/" "Mozilla/5.0 AppleWebKit/537.36 (KHTML, like Gecko; compatible; Googlebot/2.1; +http://www.google.com/bot.html) Safari/537.36"
45.118.250.174 - - [12/Oct/2018:03:53:06 +0800] "GET /clujs/koala.min.1.5.js HTTP/1.0" 404 162 "http://www.dianmi.net/clu201861636069/" "Mozilla/5.0 AppleWebKit/537.36 (KHTML, like Gecko; compatible; Googlebot/2.1; +http://www.google.com/bot.html) Safari/537.36"
45.118.250.174 - - [12/Oct/2018:03:53:07 +0800] "GET /clujs/ch_js_ch_2014.js HTTP/1.0" 404 162 "http://www.dianmi.net/clu201861636069/" "Mozilla/5.0 AppleWebKit/537.36 (KHTML, like Gecko; compatible; Googlebot/2.1; +http://www.google.com/bot.html) Safari/537.36"
45.118.250.174 - - [12/Oct/2018:03:53:08 +0800] "GET /clujs/bshareC1.js HTTP/1.0" 404 162 "http://www.dianmi.net/clu201861636069/" "Mozilla/5.0 AppleWebKit/537.36 (KHTML, like Gecko; compatible; Googlebot/2.1; +http://www.google.com/bot.html) Safari/537.36"
66.249.64.206 - - [12/Oct/2018:03:57:08 +0800] "GET /clu/yyET/ HTTP/1.1" 200 14739 "-" "Mozilla/5.0 (compatible; Googlebot/2.1; +http://www.google.com/bot.html)"
66.249.64.204 - - [12/Oct/2018:03:57:30 +0800] "GET /clu/4nv5/ HTTP/1.1" 200 14303 "-" "Mozilla/5.0 (compatible; Googlebot/2.1; +http://www.google.com/bot.html)"
220.181.108.108 - - [12/Oct/2018:04:03:35 +0800] "GET /clu/932lmb/ HTTP/1.1" 200 14460 "-" "Mozilla/5.0 (compatible; Baiduspider/2.0; +http://www.baidu.com/search/spider.html)"
66.249.64.204 - - [12/Oct/2018:04:04:08 +0800] "GET /clu/5vfa/ HTTP/1.1" 200 14401 "-" "Mozilla/5.0 (compatible; Googlebot/2.1; +http://www.google.com/bot.html)"
66.249.64.204 - - [12/Oct/2018:04:10:46 +0800] "GET /clu/GlKv/ HTTP/1.1" 200 14330 "-" "Mozilla/5.0 (compatible; Googlebot/2.1; +http://www.google.com/bot.html)"
66.249.64.208 - - [12/Oct/2018:04:17:24 +0800] "GET /clu/E95Q/ HTTP/1.1" 200 14312 "-" "Mozilla/5.0 (compatible; Googlebot/2.1; +http://www.google.com/bot.html)"
45.118.250.174 - - [12/Oct/2018:04:18:15 +0800] "GET /cluggxp/20180927iegr.html HTTP/1.0" 200 31434 "-" "Mozilla/5.0 (compatible; Baiduspider/2.0; +http://www.baidu.com/search/spider.html)"
111.206.221.17 - - [12/Oct/2018:04:18:16 +0800] "GET /George/img/2665094_0819656ba219348239c9fef981bdb371_1516927072.jpg HTTP/1.1" 200 125356 "http://www.dianmi.net/clu/ggxp/20180927iegr.html" "Mozilla/5.0 (compatible; Baiduspider-render/2.0; +http://www.baidu.com/search/spider.html)"
111.206.198.34 - - [12/Oct/2018:04:18:17 +0800] "GET /George/img/2664738_1_699a6e597e2c3b96baa5e03d1e2a70ae_1516879074.jpg HTTP/1.1" 200 263204 "http://www.dianmi.net/clu/ggxp/20180927iegr.html" "Mozilla/5.0 (compatible; Baiduspider-render/2.0; +http://www.baidu.com/search/spider.html)"
66.249.64.208 - - [12/Oct/2018:04:29:29 +0800] "GET /clu/T8B7/ HTTP/1.1" 200 14694 "-" "Mozilla/5.0 (compatible; Googlebot/2.1; +http://www.google.com/bot.html)"
45.118.250.174 - - [12/Oct/2018:04:29:54 +0800] "GET /clu HTTP/1.0" 200 56411 "-" "Mozilla/5.0 (Macintosh; Intel Mac OS X 10_11_4) AppleWebKit/537.36 (KHTML, like Gecko) Chrome/49.0.2623.110 Safari/537.36"
180.149.130.151 - - [12/Oct/2018:04:29:55 +0800] "GET /data/js/jquery-1.4.4.min.js HTTP/1.1" 200 30389 "http://www.dianmi.net/clu/" "Mozilla/5.0 (Macintosh; Intel Mac OS X 10_11_4) AppleWebKit/537.36 (KHTML, like Gecko) Chrome/49.0.2623.110 Safari/537.36"
180.149.130.153 - - [12/Oct/2018:04:29:55 +0800] "GET /data/js/888.js HTTP/1.1" 200 423 "http://www.dianmi.net/clu/" "Mozilla/5.0 (Macintosh; Intel Mac OS X 10_11_4) AppleWebKit/537.36 (KHTML, like Gecko) Chrome/49.0.2623.110 Safari/537.36"
180.149.130.150 - - [12/Oct/2018:04:29:55 +0800] "GET /data/css/endpage1301_v1.7.9.css HTTP/1.1" 200 9092 "http://www.dianmi.net/clu/" "Mozilla/5.0 (Macintosh; Intel Mac OS X 10_11_4) AppleWebKit/537.36 (KHTML, like Gecko) Chrome/49.0.2623.110 Safari/537.36"
180.149.130.152 - - [12/Oct/2018:04:29:55 +0800] "GET /data/css/style.css HTTP/1.1" 200 1146 "http://www.dianmi.net/clu/" "Mozilla/5.0 (Macintosh; Intel Mac OS X 10_11_4) AppleWebKit/537.36 (KHTML, like Gecko) Chrome/49.0.2623.110 Safari/537.36"
180.149.130.148 - - [12/Oct/2018:04:29:55 +0800] "GET /data/css/post1603.1104409.css HTTP/1.1" 200 15436 "http://www.dianmi.net/clu/" "Mozilla/5.0 (Macintosh; Intel Mac OS X 10_11_4) AppleWebKit/537.36 (KHTML, like Gecko) Chrome/49.0.2623.110 Safari/537.36"
180.149.130.149 - - [12/Oct/2018:04:29:55 +0800] "GET /data/css/news-n-2017t.css HTTP/1.1" 200 6126 "http://www.dianmi.net/clu/" "Mozilla/5.0 (Macintosh; Intel Mac OS X 10_11_4) AppleWebKit/537.36 (KHTML, like Gecko) Chrome/49.0.2623.110 Safari/537.36"
66.249.64.204 - - [12/Oct/2018:04:36:07 +0800] "GET /clu/Q954/ HTTP/1.1" 200 14707 "-" "Mozilla/5.0 (compatible; Googlebot/2.1; +http://www.google.com/bot.html)"
123.125.67.146 - - [12/Oct/2018:04:36:55 +0800] "GET /clu/1qtfz/ HTTP/1.1" 200 14270 "-" "Mozilla/5.0 (Windows NT 10.0; WOW64) AppleWebKit/537.36 (KHTML, like Gecko) Chrome/45.0.2454.93 Safari/537.36"
66.249.64.204 - - [12/Oct/2018:04:42:45 +0800] "GET /clu/U2U8/ HTTP/1.1" 200 14137 "-" "Mozilla/5.0 (compatible; Googlebot/2.1; +http://www.google.com/bot.html)"
66.249.64.208 - - [12/Oct/2018:04:49:23 +0800] "GET /clu/Kl6H/ HTTP/1.1" 200 14518 "-" "Mozilla/5.0 (compatible; Googlebot/2.1; +http://www.google.com/bot.html)"
66.249.64.204 - - [12/Oct/2018:04:56:01 +0800] "GET /clu/Vsg7/ HTTP/1.1" 200 14399 "-" "Mozilla/5.0 (compatible; Googlebot/2.1; +http://www.google.com/bot.html)"
66.249.64.206 - - [12/Oct/2018:05:02:39 +0800] "GET /clu/Mv86/ HTTP/1.1" 200 14386 "-" "Mozilla/5.0 (compatible; Googlebot/2.1; +http://www.google.com/bot.html)"
220.181.108.108 - - [12/Oct/2018:05:04:22 +0800] "GET /clu/x6s42/ HTTP/1.1" 200 14125 "-" "Mozilla/5.0 (compatible; Baiduspider/2.0; +http://www.baidu.com/search/spider.html)"
66.249.64.208 - - [12/Oct/2018:05:09:17 +0800] "GET /clu/a5OT/ HTTP/1.1" 200 14322 "-" "Mozilla/5.0 (compatible; Googlebot/2.1; +http://www.google.com/bot.html)"
66.249.64.206 - - [12/Oct/2018:05:12:55 +0800] "GET /clu/8rp5/ HTTP/1.1" 200 14776 "-" "Mozilla/5.0 (compatible; Googlebot/2.1; +http://www.google.com/bot.html)"
66.249.64.206 - - [12/Oct/2018:05:15:55 +0800] "GET /clu/NvzZ/ HTTP/1.1" 200 14696 "-" "Mozilla/5.0 (compatible; Googlebot/2.1; +http://www.google.com/bot.html)"
66.249.64.208 - - [12/Oct/2018:05:22:33 +0800] "GET /clu/XdDl/ HTTP/1.1" 200 14361 "-" "Mozilla/5.0 (compatible; Googlebot/2.1; +http://www.google.com/bot.html)"
66.249.64.206 - - [12/Oct/2018:05:29:11 +0800] "GET /clu/It6T/ HTTP/1.1" 200 14590 "-" "Mozilla/5.0 (compatible; Googlebot/2.1; +http://www.google.com/bot.html)"
220.181.108.108 - - [12/Oct/2018:05:31:48 +0800] "GET /clu/9o08c/ HTTP/1.1" 200 14742 "-" "Mozilla/5.0 (compatible; Baiduspider/2.0; +http://www.baidu.com/search/spider.html)"
45.118.250.174 - - [12/Oct/2018:05:35:18 +0800] "GET /cluadm9skat/ HTTP/1.0" 200 27687 "-" "Mozilla/5.0 (compatible; Baiduspider/2.0; +http://www.baidu.com/search/spider.html)"
111.206.221.115 - - [12/Oct/2018:05:35:28 +0800] "GET /Ada/YOKA/js/tools.min.js HTTP/1.1" 200 22412 "http://www.dianmi.net/clu/adm9skat/" "Mozilla/5.0 (compatible; Baiduspider-render/2.0; +http://www.baidu.com/search/spider.html)"
111.206.198.88 - - [12/Oct/2018:05:35:28 +0800] "GET /Ada/YOKA/css/public.css HTTP/1.1" 200 36626 "http://www.dianmi.net/clu/adm9skat/" "Mozilla/5.0 (compatible; Baiduspider-render/2.0; +http://www.baidu.com/search/spider.html)"
111.206.198.39 - - [12/Oct/2018:05:35:28 +0800] "GET /Ada/YOKA/js/ad.js HTTP/1.1" 200 1601 "http://www.dianmi.net/clu/adm9skat/" "Mozilla/5.0 (compatible; Baiduspider-render/2.0; +http://www.baidu.com/search/spider.html)"
111.206.198.101 - - [12/Oct/2018:05:35:28 +0800] "GET /Ada/YOKA/js/js.min.js HTTP/1.1" 200 18698 "http://www.dianmi.net/clu/adm9skat/" "Mozilla/5.0 (compatible; Baiduspider-render/2.0; +http://www.baidu.com/search/spider.html)"
111.206.221.17 - - [12/Oct/2018:05:35:28 +0800] "GET /Ada/YOKA/css/text.css HTTP/1.1" 200 24081 "http://www.dianmi.net/clu/adm9skat/" "Mozilla/5.0 (compatible; Baiduspider-render/2.0; +http://www.baidu.com/search/spider.html)"
111.206.198.21 - - [12/Oct/2018:05:35:29 +0800] "GET /Ada/img/train_569.jpg HTTP/1.1" 404 162 "http://www.dianmi.net/clu/adm9skat/" "Mozilla/5.0 (compatible; Baiduspider-render/2.0; +http://www.baidu.com/search/spider.html)"
111.206.221.21 - - [12/Oct/2018:05:35:29 +0800] "GET /Ada/img/pic_837.jpg HTTP/1.1" 404 162 "http://www.dianmi.net/clu/adm9skat/" "Mozilla/5.0 (compatible; Baiduspider-render/2.0; +http://www.baidu.com/search/spider.html)"
66.249.64.206 - - [12/Oct/2018:05:35:49 +0800] "GET /clu/8Vi7/ HTTP/1.1" 200 14669 "-" "Mozilla/5.0 (compatible; Googlebot/2.1; +http://www.google.com/bot.html)"
66.249.64.208 - - [12/Oct/2018:05:42:27 +0800] "GET /clu/ozj0/ HTTP/1.1" 200 14436 "-" "Mozilla/5.0 (compatible; Googlebot/2.1; +http://www.google.com/bot.html)"
66.249.64.204 - - [12/Oct/2018:05:49:05 +0800] "GET /clu/aMk9/ HTTP/1.1" 200 14268 "-" "Mozilla/5.0 (compatible; Googlebot/2.1; +http://www.google.com/bot.html)"
18.236.132.158 - - [12/Oct/2018:05:50:38 +0800] "GET / HTTP/1.1" 200 2608 "-" "Mozilla/5.0 (X11; Linux i686; rv:53.0) Gecko/20100101 Firefox/53.0"
45.118.250.174 - - [12/Oct/2018:05:51:05 +0800] "GET /clujs/buttonLite.js HTTP/1.0" 404 162 "http://www.dianmi.net/clu201861341315/" "Mozilla/5.0 AppleWebKit/537.36 (KHTML, like Gecko; compatible; Googlebot/2.1; +http://www.google.com/bot.html) Safari/537.36"
45.118.250.174 - - [12/Oct/2018:05:51:06 +0800] "GET /clujs/jquery.js HTTP/1.0" 404 162 "http://www.dianmi.net/clu201861341315/" "Mozilla/5.0 AppleWebKit/537.36 (KHTML, like Gecko; compatible; Googlebot/2.1; +http://www.google.com/bot.html) Safari/537.36"
45.118.250.174 - - [12/Oct/2018:05:51:06 +0800] "GET /clujs/bshareC1.js HTTP/1.0" 404 162 "http://www.dianmi.net/clu201861341315/" "Mozilla/5.0 AppleWebKit/537.36 (KHTML, like Gecko; compatible; Googlebot/2.1; +http://www.google.com/bot.html) Safari/537.36"
45.118.250.174 - - [12/Oct/2018:05:51:06 +0800] "GET /clucss/ch_css_ch_2014.css HTTP/1.0" 404 162 "http://www.dianmi.net/clu201861341315/" "Mozilla/5.0 AppleWebKit/537.36 (KHTML, like Gecko; compatible; Googlebot/2.1; +http://www.google.com/bot.html) Safari/537.36"
45.118.250.174 - - [12/Oct/2018:05:51:07 +0800] "GET /clujs/fingerprint2.min.js HTTP/1.0" 404 162 "http://www.dianmi.net/clu201861341315/" "Mozilla/5.0 AppleWebKit/537.36 (KHTML, like Gecko; compatible; Googlebot/2.1; +http://www.google.com/bot.html) Safari/537.36"
45.118.250.174 - - [12/Oct/2018:05:51:08 +0800] "GET /clujs/ch_js_ch_2014.js HTTP/1.0" 404 162 "http://www.dianmi.net/clu201861341315/" "Mozilla/5.0 AppleWebKit/537.36 (KHTML, like Gecko; compatible; Googlebot/2.1; +http://www.google.com/bot.html) Safari/537.36"
45.118.250.174 - - [12/Oct/2018:05:51:08 +0800] "GET /clujs/koala.min.1.5.js HTTP/1.0" 404 162 "http://www.dianmi.net/clu201861341315/" "Mozilla/5.0 AppleWebKit/537.36 (KHTML, like Gecko; compatible; Googlebot/2.1; +http://www.google.com/bot.html) Safari/537.36"
66.249.64.206 - - [12/Oct/2018:05:55:44 +0800] "GET /clu/PH70/ HTTP/1.1" 200 14124 "-" "Mozilla/5.0 (compatible; Googlebot/2.1; +http://www.google.com/bot.html)"
220.181.108.179 - - [12/Oct/2018:05:59:15 +0800] "GET /clu/xhec8/ HTTP/1.1" 200 14480 "-" "Mozilla/5.0 (compatible; Baiduspider/2.0; +http://www.baidu.com/search/spider.html)"
66.249.64.206 - - [12/Oct/2018:06:02:21 +0800] "GET /clu/r5pP/ HTTP/1.1" 200 14571 "-" "Mozilla/5.0 (compatible; Googlebot/2.1; +http://www.google.com/bot.html)"
45.118.250.174 - - [12/Oct/2018:06:06:36 +0800] "GET /cluadm9skat/ HTTP/1.0" 200 27687 "-" "Mozilla/5.0 (compatible; Baiduspider/2.0; +http://www.baidu.com/search/spider.html)"
111.206.198.87 - - [12/Oct/2018:06:06:44 +0800] "GET /Ada/img/train_569.jpg HTTP/1.1" 404 162 "http://www.dianmi.net/clu/adm9skat/" "Mozilla/5.0 (compatible; Baiduspider-render/2.0; +http://www.baidu.com/search/spider.html)"
111.206.221.74 - - [12/Oct/2018:06:06:45 +0800] "GET /Ada/img/pic_837.jpg HTTP/1.1" 404 162 "http://www.dianmi.net/clu/adm9skat/" "Mozilla/5.0 (compatible; Baiduspider-render/2.0; +http://www.baidu.com/search/spider.html)"
111.206.221.3 - - [12/Oct/2018:06:06:45 +0800] "GET /Ada/img/train_403.jpg HTTP/1.1" 404 162 "http://www.dianmi.net/clu/adm9skat/" "Mozilla/5.0 (compatible; Baiduspider-render/2.0; +http://www.baidu.com/search/spider.html)"
66.249.64.206 - - [12/Oct/2018:06:08:59 +0800] "GET /clu/6ZqJ/ HTTP/1.1" 200 14246 "-" "Mozilla/5.0 (compatible; Googlebot/2.1; +http://www.google.com/bot.html)"
66.249.64.208 - - [12/Oct/2018:06:15:37 +0800] "GET /clu/8yeL/ HTTP/1.1" 200 14353 "-" "Mozilla/5.0 (compatible; Googlebot/2.1; +http://www.google.com/bot.html)"
66.249.64.208 - - [12/Oct/2018:06:22:15 +0800] "GET /clu/qmMB/ HTTP/1.1" 200 14525 "-" "Mozilla/5.0 (compatible; Googlebot/2.1; +http://www.google.com/bot.html)"
66.249.64.206 - - [12/Oct/2018:06:28:42 +0800] "GET /clu/Ub7Z/ HTTP/1.1" 200 14709 "-" "Mozilla/5.0 (compatible; Googlebot/2.1; +http://www.google.com/bot.html)"
66.249.64.206 - - [12/Oct/2018:06:28:53 +0800] "GET /clu/wSs6/ HTTP/1.1" 200 14363 "-" "Mozilla/5.0 (compatible; Googlebot/2.1; +http://www.google.com/bot.html)"
66.249.64.206 - - [12/Oct/2018:06:35:31 +0800] "GET /clu/zkqk/ HTTP/1.1" 200 14628 "-" "Mozilla/5.0 (compatible; Googlebot/2.1; +http://www.google.com/bot.html)"
66.249.64.208 - - [12/Oct/2018:06:42:09 +0800] "GET /clu/DmC0/ HTTP/1.1" 200 14400 "-" "Mozilla/5.0 (compatible; Googlebot/2.1; +http://www.google.com/bot.html)"
66.249.64.206 - - [12/Oct/2018:06:48:47 +0800] "GET /clu/gaaa/ HTTP/1.1" 200 14718 "-" "Mozilla/5.0 (compatible; Googlebot/2.1; +http://www.google.com/bot.html)"
66.249.64.206 - - [12/Oct/2018:06:55:25 +0800] "GET /clu/ZkV4/ HTTP/1.1" 200 14676 "-" "Mozilla/5.0 (compatible; Googlebot/2.1; +http://www.google.com/bot.html)"
66.249.64.206 - - [12/Oct/2018:07:02:03 +0800] "GET /clu/pjLO/ HTTP/1.1" 200 15100 "-" "Mozilla/5.0 (compatible; Googlebot/2.1; +http://www.google.com/bot.html)"
66.249.64.208 - - [12/Oct/2018:07:08:41 +0800] "GET /clu/2b96/ HTTP/1.1" 200 15175 "-" "Mozilla/5.0 (compatible; Googlebot/2.1; +http://www.google.com/bot.html)"
66.249.64.204 - - [12/Oct/2018:07:15:19 +0800] "GET /clu/5ytR/ HTTP/1.1" 200 14541 "-" "Mozilla/5.0 (compatible; Googlebot/2.1; +http://www.google.com/bot.html)"
66.249.64.208 - - [12/Oct/2018:07:21:57 +0800] "GET /clu/2tr2/ HTTP/1.1" 200 15148 "-" "Mozilla/5.0 (compatible; Googlebot/2.1; +http://www.google.com/bot.html)"
66.249.64.208 - - [12/Oct/2018:07:28:35 +0800] "GET /clu/KOG7/ HTTP/1.1" 200 14531 "-" "Mozilla/5.0 (compatible; Googlebot/2.1; +http://www.google.com/bot.html)"
66.249.64.204 - - [12/Oct/2018:07:35:13 +0800] "GET /clu/4DQs/ HTTP/1.1" 200 14495 "-" "Mozilla/5.0 (compatible; Googlebot/2.1; +http://www.google.com/bot.html)"
66.249.64.204 - - [12/Oct/2018:07:41:51 +0800] "GET /clu/nq1G/ HTTP/1.1" 200 14938 "-" "Mozilla/5.0 (compatible; Googlebot/2.1; +http://www.google.com/bot.html)"
66.249.64.206 - - [12/Oct/2018:07:44:29 +0800] "GET /clu/hQ5bc/ HTTP/1.1" 200 14111 "-" "Mozilla/5.0 (compatible; Googlebot/2.1; +http://www.google.com/bot.html)"
66.249.64.206 - - [12/Oct/2018:07:48:30 +0800] "GET /clu/jUhF/ HTTP/1.1" 200 14311 "-" "Mozilla/5.0 (compatible; Googlebot/2.1; +http://www.google.com/bot.html)"
66.249.64.206 - - [12/Oct/2018:07:55:07 +0800] "GET /clu/58vG/ HTTP/1.1" 200 14685 "-" "Mozilla/5.0 (compatible; Googlebot/2.1; +http://www.google.com/bot.html)"
66.249.64.204 - - [12/Oct/2018:08:01:56 +0800] "GET /clu/M3P9/ HTTP/1.1" 200 14576 "-" "Mozilla/5.0 (compatible; Googlebot/2.1; +http://www.google.com/bot.html)"
66.249.64.206 - - [12/Oct/2018:08:08:24 +0800] "GET /clu/SQ35/ HTTP/1.1" 200 14920 "-" "Mozilla/5.0 (compatible; Googlebot/2.1; +http://www.google.com/bot.html)"
66.249.64.206 - - [12/Oct/2018:08:15:02 +0800] "GET /clu/kUj4/ HTTP/1.1" 200 14350 "-" "Mozilla/5.0 (compatible; Googlebot/2.1; +http://www.google.com/bot.html)"
66.249.64.206 - - [12/Oct/2018:08:21:54 +0800] "GET /clu/Lg2y/ HTTP/1.1" 200 14697 "-" "Mozilla/5.0 (compatible; Googlebot/2.1; +http://www.google.com/bot.html)"
66.249.64.206 - - [12/Oct/2018:08:28:18 +0800] "GET /robots.txt HTTP/1.1" 200 24 "-" "Mozilla/5.0 (compatible; Googlebot/2.1; +http://www.google.com/bot.html)"
66.249.64.208 - - [12/Oct/2018:08:28:19 +0800] "GET /clu/2U6r/ HTTP/1.1" 200 14665 "-" "Mozilla/5.0 (compatible; Googlebot/2.1; +http://www.google.com/bot.html)"
45.118.250.174 - - [12/Oct/2018:08:31:36 +0800] "GET /cluggda/20180927d4ct.html HTTP/1.0" 200 32148 "-" "Mozilla/5.0 (iPhone; CPU iPhone OS 8_0 like Mac OS X) AppleWebKit/600.1.3 (KHTML, like Gecko) Version/8.0 Mobile/12A4345d Safari/600.1.4"
220.181.108.187 - - [12/Oct/2018:08:31:36 +0800] "GET /George/YOKA/css/text.css HTTP/1.1" 200 24081 "http://www.dianmi.net/clu/ggda/20180927d4ct.html" "Mozilla/5.0 (iPhone; CPU iPhone OS 8_0 like Mac OS X) AppleWebKit/600.1.3 (KHTML, like Gecko) Version/8.0 Mobile/12A4345d Safari/600.1.4"
123.125.71.23 - - [12/Oct/2018:08:31:36 +0800] "GET /George/YOKA/js/tools.min.js HTTP/1.1" 200 22412 "http://www.dianmi.net/clu/ggda/20180927d4ct.html" "Mozilla/5.0 (iPhone; CPU iPhone OS 8_0 like Mac OS X) AppleWebKit/600.1.3 (KHTML, like Gecko) Version/8.0 Mobile/12A4345d Safari/600.1.4"
123.125.71.33 - - [12/Oct/2018:08:31:36 +0800] "GET /George/YOKA/css/public.css HTTP/1.1" 200 36626 "http://www.dianmi.net/clu/ggda/20180927d4ct.html" "Mozilla/5.0 (iPhone; CPU iPhone OS 8_0 like Mac OS X) AppleWebKit/600.1.3 (KHTML, like Gecko) Version/8.0 Mobile/12A4345d Safari/600.1.4"
220.181.108.172 - - [12/Oct/2018:08:31:37 +0800] "GET /George/YOKA/js/js.min.js HTTP/1.1" 200 18698 "http://www.dianmi.net/clu/ggda/20180927d4ct.html" "Mozilla/5.0 (iPhone; CPU iPhone OS 8_0 like Mac OS X) AppleWebKit/600.1.3 (KHTML, like Gecko) Version/8.0 Mobile/12A4345d Safari/600.1.4"
220.181.108.186 - - [12/Oct/2018:08:31:38 +0800] "GET /George/YOKA/images/logo_s.png HTTP/1.1" 200 4774 "http://www.dianmi.net/clu/ggda/20180927d4ct.html" "Mozilla/5.0 (iPhone; CPU iPhone OS 8_0 like Mac OS X) AppleWebKit/600.1.3 (KHTML, like Gecko) Version/8.0 Mobile/12A4345d Safari/600.1.4"
220.181.108.169 - - [12/Oct/2018:08:31:38 +0800] "GET /George/YOKA/images/share_all.png HTTP/1.1" 200 3312 "http://www.dianmi.net/clu/ggda/20180927d4ct.html" "Mozilla/5.0 (iPhone; CPU iPhone OS 8_0 like Mac OS X) AppleWebKit/600.1.3 (KHTML, like Gecko) Version/8.0 Mobile/12A4345d Safari/600.1.4"
123.125.71.17 - - [12/Oct/2018:08:31:38 +0800] "GET /George/img/2665954_aa72b67e3fc9eea6e537d2f0f70d5043_1517024834.jpg HTTP/1.1" 200 622091 "http://www.dianmi.net/clu/ggda/20180927d4ct.html" "Mozilla/5.0 (iPhone; CPU iPhone OS 8_0 like Mac OS X) AppleWebKit/600.1.3 (KHTML, like Gecko) Version/8.0 Mobile/12A4345d Safari/600.1.4"
220.181.108.107 - - [12/Oct/2018:08:31:52 +0800] "GET /George/YOKA/images/public_bg.png HTTP/1.1" 200 5890 "http://www.dianmi.net/clu/ggda/20180927d4ct.html" "Mozilla/5.0 (iPhone; CPU iPhone OS 8_0 like Mac OS X) AppleWebKit/600.1.3 (KHTML, like Gecko) Version/8.0 Mobile/12A4345d Safari/600.1.4"
123.125.71.96 - - [12/Oct/2018:08:31:52 +0800] "GET /George/YOKA/images/double_quotes_l.png HTTP/1.1" 200 3086 "http://www.dianmi.net/clu/ggda/20180927d4ct.html" "Mozilla/5.0 (iPhone; CPU iPhone OS 8_0 like Mac OS X) AppleWebKit/600.1.3 (KHTML, like Gecko) Version/8.0 Mobile/12A4345d Safari/600.1.4"
123.125.71.46 - - [12/Oct/2018:08:31:52 +0800] "GET /George/YOKA/images/hollow_round.png HTTP/1.1" 200 1158 "http://www.dianmi.net/clu/ggda/20180927d4ct.html" "Mozilla/5.0 (iPhone; CPU iPhone OS 8_0 like Mac OS X) AppleWebKit/600.1.3 (KHTML, like Gecko) Version/8.0 Mobile/12A4345d Safari/600.1.4"
123.125.71.107 - - [12/Oct/2018:08:31:52 +0800] "GET /George/YOKA/images/footer_logo.png HTTP/1.1" 200 5553 "http://www.dianmi.net/clu/ggda/20180927d4ct.html" "Mozilla/5.0 (iPhone; CPU iPhone OS 8_0 like Mac OS X) AppleWebKit/600.1.3 (KHTML, like Gecko) Version/8.0 Mobile/12A4345d Safari/600.1.4"
123.125.71.99 - - [12/Oct/2018:08:31:52 +0800] "GET /George/YOKA/images/footer_b.jpg HTTP/1.1" 200 6576 "http://www.dianmi.net/clu/ggda/20180927d4ct.html" "Mozilla/5.0 (iPhone; CPU iPhone OS 8_0 like Mac OS X) AppleWebKit/600.1.3 (KHTML, like Gecko) Version/8.0 Mobile/12A4345d Safari/600.1.4"
123.125.71.27 - - [12/Oct/2018:08:31:53 +0800] "GET /George/img/2664733_fcc4f0bfc4d789c26968b0f6fd4573be_1516878729.jpg HTTP/1.1" 200 535526 "http://www.dianmi.net/clu/ggda/20180927d4ct.html" "Mozilla/5.0 (iPhone; CPU iPhone OS 8_0 like Mac OS X) AppleWebKit/600.1.3 (KHTML, like Gecko) Version/8.0 Mobile/12A4345d Safari/600.1.4"
220.181.108.91 - - [12/Oct/2018:08:31:53 +0800] "GET /George/img/2665954_aa72b67e3fc9eea6e537d2f0f70d5043_1517024834.jpg HTTP/1.1" 200 622091 "http://www.dianmi.net/clu/ggda/20180927d4ct.html" "Mozilla/5.0 (iPhone; CPU iPhone OS 8_0 like Mac OS X) AppleWebKit/600.1.3 (KHTML, like Gecko) Version/8.0 Mobile/12A4345d Safari/600.1.4"
66.249.64.204 - - [12/Oct/2018:08:34:57 +0800] "GET /clu/SB77/ HTTP/1.1" 200 14811 "-" "Mozilla/5.0 (compatible; Googlebot/2.1; +http://www.google.com/bot.html)"
66.249.64.204 - - [12/Oct/2018:08:41:35 +0800] "GET /clu/t6GA/ HTTP/1.1" 200 14451 "-" "Mozilla/5.0 (compatible; Googlebot/2.1; +http://www.google.com/bot.html)"
66.249.64.204 - - [12/Oct/2018:08:48:13 +0800] "GET /clu/l2Uy/ HTTP/1.1" 200 14514 "-" "Mozilla/5.0 (compatible; Googlebot/2.1; +http://www.google.com/bot.html)"
123.125.71.110 - - [12/Oct/2018:08:53:44 +0800] "GET / HTTP/1.1" 200 2608 "-" "Mozilla/5.0 (compatible; Baiduspider/2.0; +http://www.baidu.com/search/spider.html)"
66.249.64.206 - - [12/Oct/2018:08:54:51 +0800] "GET /clu/meh0/ HTTP/1.1" 200 14403 "-" "Mozilla/5.0 (compatible; Googlebot/2.1; +http://www.google.com/bot.html)"
66.249.64.208 - - [12/Oct/2018:09:01:29 +0800] "GET /clu/ojSG/ HTTP/1.1" 200 14409 "-" "Mozilla/5.0 (compatible; Googlebot/2.1; +http://www.google.com/bot.html)"
66.249.64.208 - - [12/Oct/2018:09:08:07 +0800] "GET /clu/SdRO/ HTTP/1.1" 200 14444 "-" "Mozilla/5.0 (compatible; Googlebot/2.1; +http://www.google.com/bot.html)"
66.249.64.208 - - [12/Oct/2018:09:14:46 +0800] "GET /clu/960o/ HTTP/1.1" 200 14622 "-" "Mozilla/5.0 (compatible; Googlebot/2.1; +http://www.google.com/bot.html)"
66.249.64.204 - - [12/Oct/2018:09:21:23 +0800] "GET /clu/g37t/ HTTP/1.1" 200 14502 "-" "Mozilla/5.0 (compatible; Googlebot/2.1; +http://www.google.com/bot.html)"
66.249.64.208 - - [12/Oct/2018:09:27:46 +0800] "GET /clu/YpNZ/8e9RM.html HTTP/1.1" 200 14659 "-" "Mozilla/5.0 (compatible; Googlebot/2.1; +http://www.google.com/bot.html)"
66.249.64.206 - - [12/Oct/2018:09:28:01 +0800] "GET /clu/mdRG/ HTTP/1.1" 200 14102 "-" "Mozilla/5.0 (compatible; Googlebot/2.1; +http://www.google.com/bot.html)"
66.249.64.204 - - [12/Oct/2018:09:34:39 +0800] "GET /clu/M80b/ HTTP/1.1" 200 14040 "-" "Mozilla/5.0 (compatible; Googlebot/2.1; +http://www.google.com/bot.html)"
66.249.64.208 - - [12/Oct/2018:09:41:17 +0800] "GET /clu/36aH/ HTTP/1.1" 200 14836 "-" "Mozilla/5.0 (compatible; Googlebot/2.1; +http://www.google.com/bot.html)"
66.249.64.208 - - [12/Oct/2018:09:47:55 +0800] "GET /clu/r22q/ HTTP/1.1" 200 14663 "-" "Mozilla/5.0 (compatible; Googlebot/2.1; +http://www.google.com/bot.html)"
45.118.250.174 - - [12/Oct/2018:09:50:28 +0800] "GET /cluad7uwab/ HTTP/1.0" 200 27109 "-" "Mozilla/5.0 (compatible; Baiduspider/2.0; +http://www.baidu.com/search/spider.html)"
111.206.198.42 - - [12/Oct/2018:09:50:29 +0800] "GET /Ada/img/train_339.jpg HTTP/1.1" 200 24173 "http://www.dianmi.net/clu/ad7uwab/" "Mozilla/5.0 (compatible; Baiduspider-render/2.0; +http://www.baidu.com/search/spider.html)"
45.118.250.174 - - [12/Oct/2018:09:52:10 +0800] "GET /clupr HTTP/1.0" 200 27710 "-" "Mozilla/5.0 (Windows NT 6.1; WOW64) AppleWebKit/537.36 (KHTML, like Gecko) Chrome/63.0.3239.132 Safari/537.36"
154.222.2.104 - - [12/Oct/2018:09:52:11 +0800] "GET /Perry/css/style.css HTTP/1.1" 200 11462 "http://www.dianmi.net/clu/pr" "Mozilla/5.0 (Windows NT 6.1; WOW64) AppleWebKit/537.36 (KHTML, like Gecko) Chrome/63.0.3239.132 Safari/537.36"
154.222.2.104 - - [12/Oct/2018:09:52:11 +0800] "GET /Perry/css/font-awesome.min.css HTTP/1.1" 200 6002 "http://www.dianmi.net/clu/pr" "Mozilla/5.0 (Windows NT 6.1; WOW64) AppleWebKit/537.36 (KHTML, like Gecko) Chrome/63.0.3239.132 Safari/537.36"
154.222.2.104 - - [12/Oct/2018:09:52:11 +0800] "GET /Perry/js/jquery-2.2.4.min.js HTTP/1.1" 200 33601 "http://www.dianmi.net/clu/pr" "Mozilla/5.0 (Windows NT 6.1; WOW64) AppleWebKit/537.36 (KHTML, like Gecko) Chrome/63.0.3239.132 Safari/537.36"
154.222.2.104 - - [12/Oct/2018:09:52:11 +0800] "GET /Perry/js/zblogphp.js HTTP/1.1" 200 2298 "http://www.dianmi.net/clu/pr" "Mozilla/5.0 (Windows NT 6.1; WOW64) AppleWebKit/537.36 (KHTML, like Gecko) Chrome/63.0.3239.132 Safari/537.36"
154.222.2.104 - - [12/Oct/2018:09:52:11 +0800] "GET /Perry/js/c_html_js_add.js HTTP/1.1" 200 1704 "http://www.dianmi.net/clu/pr" "Mozilla/5.0 (Windows NT 6.1; WOW64) AppleWebKit/537.36 (KHTML, like Gecko) Chrome/63.0.3239.132 Safari/537.36"
154.222.2.104 - - [12/Oct/2018:09:52:11 +0800] "GET /Perry/js/jquery.superslide.2.1.1.js HTTP/1.1" 200 3958 "http://www.dianmi.net/clu/pr" "Mozilla/5.0 (Windows NT 6.1; WOW64) AppleWebKit/537.36 (KHTML, like Gecko) Chrome/63.0.3239.132 Safari/537.36"
154.222.2.104 - - [12/Oct/2018:09:52:11 +0800] "GET /Perry/js/c.js HTTP/1.1" 200 2678 "http://www.dianmi.net/clu/pr" "Mozilla/5.0 (Windows NT 6.1; WOW64) AppleWebKit/537.36 (KHTML, like Gecko) Chrome/63.0.3239.132 Safari/537.36"
154.222.2.104 - - [12/Oct/2018:09:52:11 +0800] "GET /Perry/js/jquery.js HTTP/1.1" 200 37576 "http://www.dianmi.net/clu/pr" "Mozilla/5.0 (Windows NT 6.1; WOW64) AppleWebKit/537.36 (KHTML, like Gecko) Chrome/63.0.3239.132 Safari/537.36"
154.222.2.104 - - [12/Oct/2018:09:52:11 +0800] "GET /Perry/img/244278632517.jpg HTTP/1.1" 200 13867 "http://www.dianmi.net/clu/pr" "Mozilla/5.0 (Windows NT 6.1; WOW64) AppleWebKit/537.36 (KHTML, like Gecko) Chrome/63.0.3239.132 Safari/537.36"
154.222.2.104 - - [12/Oct/2018:09:52:11 +0800] "GET /Perry/img/241659849018.jpg HTTP/1.1" 200 11764 "http://www.dianmi.net/clu/pr" "Mozilla/5.0 (Windows NT 6.1; WOW64) AppleWebKit/537.36 (KHTML, like Gecko) Chrome/63.0.3239.132 Safari/537.36"
154.222.2.104 - - [12/Oct/2018:09:52:11 +0800] "GET /Perry/img/1505107913-2041.jpg HTTP/1.1" 200 60682 "http://www.dianmi.net/clu/pr" "Mozilla/5.0 (Windows NT 6.1; WOW64) AppleWebKit/537.36 (KHTML, like Gecko) Chrome/63.0.3239.132 Safari/537.36"
154.222.2.104 - - [12/Oct/2018:09:52:11 +0800] "GET /Perry/fonts/fontawesome-webfont.woff2 HTTP/1.1" 200 56780 "http://runzz.cn/Perry/css/font-awesome.min.css" "Mozilla/5.0 (Windows NT 6.1; WOW64) AppleWebKit/537.36 (KHTML, like Gecko) Chrome/63.0.3239.132 Safari/537.36"
154.222.2.104 - - [12/Oct/2018:09:52:11 +0800] "GET /Perry/img/175912918690.jpg HTTP/1.1" 200 8866 "http://www.dianmi.net/clu/pr" "Mozilla/5.0 (Windows NT 6.1; WOW64) AppleWebKit/537.36 (KHTML, like Gecko) Chrome/63.0.3239.132 Safari/537.36"
154.222.2.104 - - [12/Oct/2018:09:52:12 +0800] "GET /Perry/img/241207389198.jpg HTTP/1.1" 200 9669 "http://www.dianmi.net/clu/pr" "Mozilla/5.0 (Windows NT 6.1; WOW64) AppleWebKit/537.36 (KHTML, like Gecko) Chrome/63.0.3239.132 Safari/537.36"
154.222.2.104 - - [12/Oct/2018:09:52:12 +0800] "GET /Perry/img/244017883231.jpg HTTP/1.1" 200 98078 "http://www.dianmi.net/clu/pr" "Mozilla/5.0 (Windows NT 6.1; WOW64) AppleWebKit/537.36 (KHTML, like Gecko) Chrome/63.0.3239.132 Safari/537.36"
154.222.2.104 - - [12/Oct/2018:09:52:12 +0800] "GET /Perry/img/241053615648.jpg HTTP/1.1" 200 13223 "http://www.dianmi.net/clu/pr" "Mozilla/5.0 (Windows NT 6.1; WOW64) AppleWebKit/537.36 (KHTML, like Gecko) Chrome/63.0.3239.132 Safari/537.36"
154.222.2.104 - - [12/Oct/2018:09:52:12 +0800] "GET /Perry/img/244331118010.jpg HTTP/1.1" 200 563109 "http://www.dianmi.net/clu/pr" "Mozilla/5.0 (Windows NT 6.1; WOW64) AppleWebKit/537.36 (KHTML, like Gecko) Chrome/63.0.3239.132 Safari/537.36"
154.222.2.104 - - [12/Oct/2018:09:52:12 +0800] "GET /Perry/img/242344277891.jpg HTTP/1.1" 200 5151 "http://www.dianmi.net/clu/pr" "Mozilla/5.0 (Windows NT 6.1; WOW64) AppleWebKit/537.36 (KHTML, like Gecko) Chrome/63.0.3239.132 Safari/537.36"
154.222.2.104 - - [12/Oct/2018:09:52:12 +0800] "GET /Perry/img/352fec660945a67eee2880dfb9096da9.jpg HTTP/1.1" 200 84312 "http://www.dianmi.net/clu/pr" "Mozilla/5.0 (Windows NT 6.1; WOW64) AppleWebKit/537.36 (KHTML, like Gecko) Chrome/63.0.3239.132 Safari/537.36"
154.222.2.104 - - [12/Oct/2018:09:52:12 +0800] "GET /Perry/fonts/fontawesome-webfont.woff HTTP/1.1" 200 71508 "http://runzz.cn/Perry/css/font-awesome.min.css" "Mozilla/5.0 (Windows NT 6.1; WOW64) AppleWebKit/537.36 (KHTML, like Gecko) Chrome/63.0.3239.132 Safari/537.36"
154.222.2.104 - - [12/Oct/2018:09:52:12 +0800] "GET /Perry/img/244418333914.jpg HTTP/1.1" 200 29239 "http://www.dianmi.net/clu/pr" "Mozilla/5.0 (Windows NT 6.1; WOW64) AppleWebKit/537.36 (KHTML, like Gecko) Chrome/63.0.3239.132 Safari/537.36"
154.222.2.104 - - [12/Oct/2018:09:52:12 +0800] "GET /Perry/img/237449166758.jpg HTTP/1.1" 200 56517 "http://www.dianmi.net/clu/pr" "Mozilla/5.0 (Windows NT 6.1; WOW64) AppleWebKit/537.36 (KHTML, like Gecko) Chrome/63.0.3239.132 Safari/537.36"
154.222.2.104 - - [12/Oct/2018:09:52:12 +0800] "GET /Perry/img/1394518895-2050.jpg HTTP/1.1" 200 43232 "http://www.dianmi.net/clu/pr" "Mozilla/5.0 (Windows NT 6.1; WOW64) AppleWebKit/537.36 (KHTML, like Gecko) Chrome/63.0.3239.132 Safari/537.36"
154.222.2.104 - - [12/Oct/2018:09:52:12 +0800] "GET /Perry/img/1526457796-7810.jpg HTTP/1.1" 200 50404 "http://www.dianmi.net/clu/pr" "Mozilla/5.0 (Windows NT 6.1; WOW64) AppleWebKit/537.36 (KHTML, like Gecko) Chrome/63.0.3239.132 Safari/537.36"
154.222.2.104 - - [12/Oct/2018:09:52:12 +0800] "GET /Perry/img/242209087228.png HTTP/1.1" 200 493150 "http://www.dianmi.net/clu/pr" "Mozilla/5.0 (Windows NT 6.1; WOW64) AppleWebKit/537.36 (KHTML, like Gecko) Chrome/63.0.3239.132 Safari/537.36"
154.222.2.104 - - [12/Oct/2018:09:52:12 +0800] "GET /Perry/images/backgrounds.32.png HTTP/1.1" 404 564 "http://runzz.cn/Perry/css/style.css" "Mozilla/5.0 (Windows NT 6.1; WOW64) AppleWebKit/537.36 (KHTML, like Gecko) Chrome/63.0.3239.132 Safari/537.36"
154.222.2.104 - - [12/Oct/2018:09:52:12 +0800] "GET /Perry/img/1510913418-7207.jpg HTTP/1.1" 200 27851 "http://www.dianmi.net/clu/pr" "Mozilla/5.0 (Windows NT 6.1; WOW64) AppleWebKit/537.36 (KHTML, like Gecko) Chrome/63.0.3239.132 Safari/537.36"
154.222.2.104 - - [12/Oct/2018:09:52:12 +0800] "GET /Perry/fonts/fontawesome-webfont.ttf HTTP/1.1" 200 122092 "http://runzz.cn/Perry/css/font-awesome.min.css" "Mozilla/5.0 (Windows NT 6.1; WOW64) AppleWebKit/537.36 (KHTML, like Gecko) Chrome/63.0.3239.132 Safari/537.36"
154.222.2.104 - - [12/Oct/2018:09:52:12 +0800] "GET /Perry/img/-9g59Q5-kx6kK4T8S3a-1w.jpg HTTP/1.1" 200 4456 "http://www.dianmi.net/clu/pr" "Mozilla/5.0 (Windows NT 6.1; WOW64) AppleWebKit/537.36 (KHTML, like Gecko) Chrome/63.0.3239.132 Safari/537.36"
154.222.2.104 - - [12/Oct/2018:09:52:12 +0800] "GET /Perry/img/242594442931.jpg HTTP/1.1" 200 34139 "http://www.dianmi.net/clu/pr" "Mozilla/5.0 (Windows NT 6.1; WOW64) AppleWebKit/537.36 (KHTML, like Gecko) Chrome/63.0.3239.132 Safari/537.36"
154.222.2.104 - - [12/Oct/2018:09:52:12 +0800] "GET /Perry/img/1330334865-5721.jpg HTTP/1.1" 200 15871 "http://www.dianmi.net/clu/pr" "Mozilla/5.0 (Windows NT 6.1; WOW64) AppleWebKit/537.36 (KHTML, like Gecko) Chrome/63.0.3239.132 Safari/537.36"
